H3 market-only: 2022-01 | 1.8%
H3 market-only: 2022-02 | 3.5%
H3 market-only: 2022-03 | 5.3%
H3 market-only: 2022-04 | 7.0%
H3 market-only: 2022-05 | 8.9%
H3 market-only: 2022-06 | 10.6%
H3 market-only: 2022-07 | 12.4%
H3 market-only: 2022-08 | 14.3%
H3 market-only: 2022-09 | 16.0%
H3 market-only: 2022-10 | 17.8%
H3 market-only: 2022-11 | 19.6%
H3 market-only: 2022-12 | 21.4%
H3 market-only: 2023-01 | 23.2%
H3 market-only: 2023-02 | 24.9%
H3 market-only: 2023-03 | 26.7%
H3 market-only: 2023-04 | 28.5%
H3 market-only: 2023-05 | 30.3%
H3 market-only: 2023-06 | 32.0%
H3 market-only: 2023-07 | 33.9%
H3 market-only: 2023-08 | 35.7%
H3 market-only: 2023-09 | 37.4%
H3 market-only: 2023-10 | 39.3%
H3 market-only: 2023-11 | 41.0%
H3 market-only: 2023-12 | 42.8%
H3 market-only: 2024-01 | 44.7%
H3 market-only: 2024-02 | 46.4%
H3 market-only: 2024-03 | 48.2%
H3 market-only: 2024-04 | 49.9%
H3 market-only: 2024-05 | 51.8%
H3 market-only: 2024-06 | 53.5%
H3 market-only: 2024-07 | 55.3%
H3 market-only: 2024-08 | 57.2%
H3 market-only: 2024-09 | 58.9%
H3 market-only: 2024-10 | 60.7%
H3 market-only: 2024-11 | 62.5%
H3 market-only: 2024-12 | 64.3%
H3 market-only: 2025-01 | 66.1%
H3 market-only: 2025-02 | 67.8%
H3 market-only: 2025-03 | 69.6%
H3 market-only: 2025-04 | 71.4%
H3 market-only: 2025-05 | 73.2%
H3 market-only: 2025-06 | 74.9%
H3 market-only: 2025-07 | 76.8%
H3 market-only: 2025-08 | 78.6%
H3 market-only: 2025-09 | 80.3%
H3 market-only: 2025-10 | 82.2%
H3 market-only: 2025-11 | 83.9%
H3 market-only: 2025-12 | 85.7%
H3 market-only: 2026-01 | 87.6%
H3 market-only: 2026-02 | 89.2%
H3 market-only: 2026-03 | 91.0%
H3 market-only: 2026-04 | 92.8%
H3 market-only: 2026-05 | 94.6%
H3 market-only: 2026-06 | 96.4%
H3 market-only: 2026-07 | 98.2%
H3 market-only: 2026-08 | 100.0%
POSTPROCESS BASE_E3/conditional reconciled
POSTPROCESS BASE_E3/permanent reconciled
H3 market-only: 2022-01 | 1.8%
H3 market-only: 2022-02 | 3.5%
H3 market-only: 2022-03 | 5.3%
H3 market-only: 2022-04 | 7.0%
H3 market-only: 2022-05 | 8.9%
H3 market-only: 2022-06 | 10.6%
H3 market-only: 2022-07 | 12.4%
H3 market-only: 2022-08 | 14.3%
H3 market-only: 2022-09 | 16.0%
H3 market-only: 2022-10 | 17.8%
H3 market-only: 2022-11 | 19.6%
H3 market-only: 2022-12 | 21.4%
H3 market-only: 2023-01 | 23.2%
H3 market-only: 2023-02 | 24.9%
H3 market-only: 2023-03 | 26.7%
H3 market-only: 2023-04 | 28.5%
H3 market-only: 2023-05 | 30.3%
H3 market-only: 2023-06 | 32.0%
H3 market-only: 2023-07 | 33.9%
H3 market-only: 2023-08 | 35.7%
H3 market-only: 2023-09 | 37.4%
H3 market-only: 2023-10 | 39.3%
H3 market-only: 2023-11 | 41.0%
H3 market-only: 2023-12 | 42.8%
H3 market-only: 2024-01 | 44.7%
H3 market-only: 2024-02 | 46.4%
H3 market-only: 2024-03 | 48.2%
H3 market-only: 2024-04 | 49.9%
H3 market-only: 2024-05 | 51.8%
H3 market-only: 2024-06 | 53.5%
H3 market-only: 2024-07 | 55.3%
H3 market-only: 2024-08 | 57.2%
H3 market-only: 2024-09 | 58.9%
H3 market-only: 2024-10 | 60.7%
H3 market-only: 2024-11 | 62.5%
H3 market-only: 2024-12 | 64.3%
H3 market-only: 2025-01 | 66.1%
H3 market-only: 2025-02 | 67.8%
H3 market-only: 2025-03 | 69.6%
H3 market-only: 2025-04 | 71.4%
H3 market-only: 2025-05 | 73.2%
H3 market-only: 2025-06 | 74.9%
H3 market-only: 2025-07 | 76.8%
H3 market-only: 2025-08 | 78.6%
H3 market-only: 2025-09 | 80.3%
H3 market-only: 2025-10 | 82.2%
H3 market-only: 2025-11 | 83.9%
H3 market-only: 2025-12 | 85.7%
H3 market-only: 2026-01 | 87.6%
H3 market-only: 2026-02 | 89.2%
H3 market-only: 2026-03 | 91.0%
H3 market-only: 2026-04 | 92.8%
H3 market-only: 2026-05 | 94.6%
H3 market-only: 2026-06 | 96.4%
H3 market-only: 2026-07 | 98.2%
H3 market-only: 2026-08 | 100.0%
POSTPROCESS H072/conditional reconciled
POSTPROCESS H072/permanent reconciled
H3 market-only: 2022-01 | 1.8%
H3 market-only: 2022-02 | 3.5%
H3 market-only: 2022-03 | 5.3%
H3 market-only: 2022-04 | 7.0%
H3 market-only: 2022-05 | 8.9%
H3 market-only: 2022-06 | 10.6%
H3 market-only: 2022-07 | 12.4%
H3 market-only: 2022-08 | 14.3%
H3 market-only: 2022-09 | 16.0%
H3 market-only: 2022-10 | 17.8%
H3 market-only: 2022-11 | 19.6%
H3 market-only: 2022-12 | 21.4%
H3 market-only: 2023-01 | 23.2%
H3 market-only: 2023-02 | 24.9%
H3 market-only: 2023-03 | 26.7%
H3 market-only: 2023-04 | 28.5%
H3 market-only: 2023-05 | 30.3%
H3 market-only: 2023-06 | 32.0%
H3 market-only: 2023-07 | 33.9%
H3 market-only: 2023-08 | 35.7%
H3 market-only: 2023-09 | 37.4%
H3 market-only: 2023-10 | 39.3%
H3 market-only: 2023-11 | 41.0%
H3 market-only: 2023-12 | 42.8%
H3 market-only: 2024-01 | 44.7%
H3 market-only: 2024-02 | 46.4%
H3 market-only: 2024-03 | 48.2%
H3 market-only: 2024-04 | 49.9%
H3 market-only: 2024-05 | 51.8%
H3 market-only: 2024-06 | 53.5%
H3 market-only: 2024-07 | 55.3%
H3 market-only: 2024-08 | 57.2%
H3 market-only: 2024-09 | 58.9%
H3 market-only: 2024-10 | 60.7%
H3 market-only: 2024-11 | 62.5%
H3 market-only: 2024-12 | 64.3%
H3 market-only: 2025-01 | 66.1%
H3 market-only: 2025-02 | 67.8%
H3 market-only: 2025-03 | 69.6%
H3 market-only: 2025-04 | 71.4%
H3 market-only: 2025-05 | 73.2%
H3 market-only: 2025-06 | 74.9%
H3 market-only: 2025-07 | 76.8%
H3 market-only: 2025-08 | 78.6%
H3 market-only: 2025-09 | 80.3%
H3 market-only: 2025-10 | 82.2%
H3 market-only: 2025-11 | 83.9%
H3 market-only: 2025-12 | 85.7%
H3 market-only: 2026-01 | 87.6%
H3 market-only: 2026-02 | 89.2%
H3 market-only: 2026-03 | 91.0%
H3 market-only: 2026-04 | 92.8%
H3 market-only: 2026-05 | 94.6%
H3 market-only: 2026-06 | 96.4%
H3 market-only: 2026-07 | 98.2%
H3 market-only: 2026-08 | 100.0%
POSTPROCESS H336/conditional reconciled
POSTPROCESS H336/permanent reconciled
H3 market-only: 2022-01 | 1.8%
H3 market-only: 2022-02 | 3.5%
H3 market-only: 2022-03 | 5.3%
H3 market-only: 2022-04 | 7.0%
H3 market-only: 2022-05 | 8.9%
H3 market-only: 2022-06 | 10.6%
H3 market-only: 2022-07 | 12.4%
H3 market-only: 2022-08 | 14.3%
H3 market-only: 2022-09 | 16.0%
H3 market-only: 2022-10 | 17.8%
H3 market-only: 2022-11 | 19.6%
H3 market-only: 2022-12 | 21.4%
H3 market-only: 2023-01 | 23.2%
H3 market-only: 2023-02 | 24.9%
H3 market-only: 2023-03 | 26.7%
H3 market-only: 2023-04 | 28.5%
H3 market-only: 2023-05 | 30.3%
H3 market-only: 2023-06 | 32.0%
H3 market-only: 2023-07 | 33.9%
H3 market-only: 2023-08 | 35.7%
H3 market-only: 2023-09 | 37.4%
H3 market-only: 2023-10 | 39.3%
H3 market-only: 2023-11 | 41.0%
H3 market-only: 2023-12 | 42.8%
H3 market-only: 2024-01 | 44.7%
H3 market-only: 2024-02 | 46.4%
H3 market-only: 2024-03 | 48.2%
H3 market-only: 2024-04 | 49.9%
H3 market-only: 2024-05 | 51.8%
H3 market-only: 2024-06 | 53.5%
H3 market-only: 2024-07 | 55.3%
H3 market-only: 2024-08 | 57.2%
H3 market-only: 2024-09 | 58.9%
H3 market-only: 2024-10 | 60.7%
H3 market-only: 2024-11 | 62.5%
H3 market-only: 2024-12 | 64.3%
H3 market-only: 2025-01 | 66.1%
H3 market-only: 2025-02 | 67.8%
H3 market-only: 2025-03 | 69.6%
H3 market-only: 2025-04 | 71.4%
H3 market-only: 2025-05 | 73.2%
H3 market-only: 2025-06 | 74.9%
H3 market-only: 2025-07 | 76.8%
H3 market-only: 2025-08 | 78.6%
H3 market-only: 2025-09 | 80.3%
H3 market-only: 2025-10 | 82.2%
H3 market-only: 2025-11 | 83.9%
H3 market-only: 2025-12 | 85.7%
H3 market-only: 2026-01 | 87.6%
H3 market-only: 2026-02 | 89.2%
H3 market-only: 2026-03 | 91.0%
H3 market-only: 2026-04 | 92.8%
H3 market-only: 2026-05 | 94.6%
H3 market-only: 2026-06 | 96.4%
H3 market-only: 2026-07 | 98.2%
H3 market-only: 2026-08 | 100.0%
POSTPROCESS V012/conditional reconciled
POSTPROCESS V012/permanent reconciled
H3 market-only: 2022-01 | 1.8%
H3 market-only: 2022-02 | 3.5%
H3 market-only: 2022-03 | 5.3%
H3 market-only: 2022-04 | 7.0%
H3 market-only: 2022-05 | 8.9%
H3 market-only: 2022-06 | 10.6%
H3 market-only: 2022-07 | 12.4%
H3 market-only: 2022-08 | 14.3%
H3 market-only: 2022-09 | 16.0%
H3 market-only: 2022-10 | 17.8%
H3 market-only: 2022-11 | 19.6%
H3 market-only: 2022-12 | 21.4%
H3 market-only: 2023-01 | 23.2%
H3 market-only: 2023-02 | 24.9%
H3 market-only: 2023-03 | 26.7%
H3 market-only: 2023-04 | 28.5%
H3 market-only: 2023-05 | 30.3%
H3 market-only: 2023-06 | 32.0%
H3 market-only: 2023-07 | 33.9%
H3 market-only: 2023-08 | 35.7%
H3 market-only: 2023-09 | 37.4%
H3 market-only: 2023-10 | 39.3%
H3 market-only: 2023-11 | 41.0%
H3 market-only: 2023-12 | 42.8%
H3 market-only: 2024-01 | 44.7%
H3 market-only: 2024-02 | 46.4%
H3 market-only: 2024-03 | 48.2%
H3 market-only: 2024-04 | 49.9%
H3 market-only: 2024-05 | 51.8%
H3 market-only: 2024-06 | 53.5%
H3 market-only: 2024-07 | 55.3%
H3 market-only: 2024-08 | 57.2%
H3 market-only: 2024-09 | 58.9%
H3 market-only: 2024-10 | 60.7%
H3 market-only: 2024-11 | 62.5%
H3 market-only: 2024-12 | 64.3%
H3 market-only: 2025-01 | 66.1%
H3 market-only: 2025-02 | 67.8%
H3 market-only: 2025-03 | 69.6%
H3 market-only: 2025-04 | 71.4%
H3 market-only: 2025-05 | 73.2%
H3 market-only: 2025-06 | 74.9%
H3 market-only: 2025-07 | 76.8%
H3 market-only: 2025-08 | 78.6%
H3 market-only: 2025-09 | 80.3%
H3 market-only: 2025-10 | 82.2%
H3 market-only: 2025-11 | 83.9%
H3 market-only: 2025-12 | 85.7%
H3 market-only: 2026-01 | 87.6%
H3 market-only: 2026-02 | 89.2%
H3 market-only: 2026-03 | 91.0%
H3 market-only: 2026-04 | 92.8%
H3 market-only: 2026-05 | 94.6%
H3 market-only: 2026-06 | 96.4%
H3 market-only: 2026-07 | 98.2%
H3 market-only: 2026-08 | 100.0%
POSTPROCESS V048/conditional reconciled
POSTPROCESS V048/permanent reconciled
H3 market-only: 2022-01 | 1.8%
H3 market-only: 2022-02 | 3.5%
H3 market-only: 2022-03 | 5.3%
H3 market-only: 2022-04 | 7.0%
H3 market-only: 2022-05 | 8.9%
H3 market-only: 2022-06 | 10.6%
H3 market-only: 2022-07 | 12.4%
H3 market-only: 2022-08 | 14.3%
H3 market-only: 2022-09 | 16.0%
H3 market-only: 2022-10 | 17.8%
H3 market-only: 2022-11 | 19.6%
H3 market-only: 2022-12 | 21.4%
H3 market-only: 2023-01 | 23.2%
H3 market-only: 2023-02 | 24.9%
H3 market-only: 2023-03 | 26.7%
H3 market-only: 2023-04 | 28.5%
H3 market-only: 2023-05 | 30.3%
H3 market-only: 2023-06 | 32.0%
H3 market-only: 2023-07 | 33.9%
H3 market-only: 2023-08 | 35.7%
H3 market-only: 2023-09 | 37.4%
H3 market-only: 2023-10 | 39.3%
H3 market-only: 2023-11 | 41.0%
H3 market-only: 2023-12 | 42.8%
H3 market-only: 2024-01 | 44.7%
H3 market-only: 2024-02 | 46.4%
H3 market-only: 2024-03 | 48.2%
H3 market-only: 2024-04 | 49.9%
H3 market-only: 2024-05 | 51.8%
H3 market-only: 2024-06 | 53.5%
H3 market-only: 2024-07 | 55.3%
H3 market-only: 2024-08 | 57.2%
H3 market-only: 2024-09 | 58.9%
H3 market-only: 2024-10 | 60.7%
H3 market-only: 2024-11 | 62.5%
H3 market-only: 2024-12 | 64.3%
H3 market-only: 2025-01 | 66.1%
H3 market-only: 2025-02 | 67.8%
H3 market-only: 2025-03 | 69.6%
H3 market-only: 2025-04 | 71.4%
H3 market-only: 2025-05 | 73.2%
H3 market-only: 2025-06 | 74.9%
H3 market-only: 2025-07 | 76.8%
H3 market-only: 2025-08 | 78.6%
H3 market-only: 2025-09 | 80.3%
H3 market-only: 2025-10 | 82.2%
H3 market-only: 2025-11 | 83.9%
H3 market-only: 2025-12 | 85.7%
H3 market-only: 2026-01 | 87.6%
H3 market-only: 2026-02 | 89.2%
H3 market-only: 2026-03 | 91.0%
H3 market-only: 2026-04 | 92.8%
H3 market-only: 2026-05 | 94.6%
H3 market-only: 2026-06 | 96.4%
H3 market-only: 2026-07 | 98.2%
H3 market-only: 2026-08 | 100.0%
POSTPROCESS B025/conditional reconciled
POSTPROCESS B025/permanent reconciled
H3 market-only: 2022-01 | 1.8%
H3 market-only: 2022-02 | 3.5%
H3 market-only: 2022-03 | 5.3%
H3 market-only: 2022-04 | 7.0%
H3 market-only: 2022-05 | 8.9%
H3 market-only: 2022-06 | 10.6%
H3 market-only: 2022-07 | 12.4%
H3 market-only: 2022-08 | 14.3%
H3 market-only: 2022-09 | 16.0%
H3 market-only: 2022-10 | 17.8%
H3 market-only: 2022-11 | 19.6%
H3 market-only: 2022-12 | 21.4%
H3 market-only: 2023-01 | 23.2%
H3 market-only: 2023-02 | 24.9%
H3 market-only: 2023-03 | 26.7%
H3 market-only: 2023-04 | 28.5%
H3 market-only: 2023-05 | 30.3%
H3 market-only: 2023-06 | 32.0%
H3 market-only: 2023-07 | 33.9%
H3 market-only: 2023-08 | 35.7%
H3 market-only: 2023-09 | 37.4%
H3 market-only: 2023-10 | 39.3%
H3 market-only: 2023-11 | 41.0%
H3 market-only: 2023-12 | 42.8%
H3 market-only: 2024-01 | 44.7%
H3 market-only: 2024-02 | 46.4%
H3 market-only: 2024-03 | 48.2%
H3 market-only: 2024-04 | 49.9%
H3 market-only: 2024-05 | 51.8%
H3 market-only: 2024-06 | 53.5%
H3 market-only: 2024-07 | 55.3%
H3 market-only: 2024-08 | 57.2%
H3 market-only: 2024-09 | 58.9%
H3 market-only: 2024-10 | 60.7%
H3 market-only: 2024-11 | 62.5%
H3 market-only: 2024-12 | 64.3%
H3 market-only: 2025-01 | 66.1%
H3 market-only: 2025-02 | 67.8%
H3 market-only: 2025-03 | 69.6%
H3 market-only: 2025-04 | 71.4%
H3 market-only: 2025-05 | 73.2%
H3 market-only: 2025-06 | 74.9%
H3 market-only: 2025-07 | 76.8%
H3 market-only: 2025-08 | 78.6%
H3 market-only: 2025-09 | 80.3%
H3 market-only: 2025-10 | 82.2%
H3 market-only: 2025-11 | 83.9%
H3 market-only: 2025-12 | 85.7%
H3 market-only: 2026-01 | 87.6%
H3 market-only: 2026-02 | 89.2%
H3 market-only: 2026-03 | 91.0%
H3 market-only: 2026-04 | 92.8%
H3 market-only: 2026-05 | 94.6%
H3 market-only: 2026-06 | 96.4%
H3 market-only: 2026-07 | 98.2%
H3 market-only: 2026-08 | 100.0%
POSTPROCESS B100/conditional reconciled
POSTPROCESS B100/permanent reconciled
C:\Users\pablo\Documentos\UCEMA\Tesina\Backtesting\entregas\entrega_4\senal_entradas\20260927T170230Z\paquete_20260927T185305Z
